// Jest Snapshot v1, https://goo.gl/fbAQLP

exports[`<App /> should render and match the snapshot 1`] = `
<div>
  <HelmetWrapper
    defaultTitle="ExceedData vStudio"
    defer={true}
    encodeSpecialCharacters={true}
    titleTemplate="%s - ExceedData vStudio"
  >
    <meta
      content="A ExceedData vStudio application"
      name="description"
    />
  </HelmetWrapper>
  <Switch>
    <Route
      component={[Function]}
      exact={true}
      path="/"
    />
    <Route
      component={[Function]}
      path=""
    />
  </Switch>
</div>
`;
